

================================================================
== Synthesis Summary Report of 'nn_inference'
================================================================
+ General Information: 
    * Date:           Fri Dec 13 17:37:09 2024
    * Version:        2020.2 (Build 3064766 on Wed Nov 18 09:12:47 MST 2020)
    * Project:        nn_inference
    * Solution:       solution1 (Vivado IP Flow Target)
    * Product family: zynquplus
    * Target device:  xczu3eg-sbva484-1-i
    

+ Performance & Resource Estimates: 
    
    PS: '+' for module; 'o' for loop; '*' for dataflow
    +----------------------------+--------+-------+---------+-----------+----------+---------+------+----------+---------+-----------+-------------+-------------+-----+
    |           Modules          |  Issue |       | Latency |  Latency  | Iteration|         | Trip |          |         |           |             |             |     |
    |           & Loops          |  Type  | Slack | (cycles)|    (ns)   |  Latency | Interval| Count| Pipelined|  BRAM   |    DSP    |      FF     |     LUT     | URAM|
    +----------------------------+--------+-------+---------+-----------+----------+---------+------+----------+---------+-----------+-------------+-------------+-----+
    |+ nn_inference              |  Timing|   0.00|     4576|  4.576e+04|         -|     4577|     -|        no|  36 (8%)|  160 (44%)|  31144 (22%)|  48804 (69%)|    -|
    | + grp_hwmm_layer1_fu_1601  |  Timing|   0.00|     4128|  4.128e+04|         -|     4128|     -|        no|  32 (7%)|          -|   13193 (9%)|  34460 (48%)|    -|
    |  o layer_1_prod            |       -|  -7.30|      121|  1.210e+03|        23|        1|   100|       yes|        -|          -|            -|            -|    -|
    |  o layer_1_prod            |       -|  -7.30|      121|  1.210e+03|        23|        1|   100|       yes|        -|          -|            -|            -|    -|
    |  o layer_1_prod            |       -|  -7.30|      121|  1.210e+03|        23|        1|   100|       yes|        -|          -|            -|            -|    -|
    |  o layer_1_prod            |       -|  -7.30|      121|  1.210e+03|        23|        1|   100|       yes|        -|          -|            -|            -|    -|
    |  o layer_1_prod            |       -|  -7.30|      121|  1.210e+03|        23|        1|   100|       yes|        -|          -|            -|            -|    -|
    |  o layer_1_prod            |       -|  -7.30|      121|  1.210e+03|        23|        1|   100|       yes|        -|          -|            -|            -|    -|
    |  o layer_1_prod            |       -|  -7.30|      121|  1.210e+03|        23|        1|   100|       yes|        -|          -|            -|            -|    -|
    |  o layer_1_prod            |       -|  -7.30|      121|  1.210e+03|        23|        1|   100|       yes|        -|          -|            -|            -|    -|
    |  o layer_1_prod            |       -|  -7.30|      121|  1.210e+03|        23|        1|   100|       yes|        -|          -|            -|            -|    -|
    |  o layer_1_prod            |       -|  -7.30|      121|  1.210e+03|        23|        1|   100|       yes|        -|          -|            -|            -|    -|
    |  o layer_1_prod            |       -|  -7.30|      121|  1.210e+03|        23|        1|   100|       yes|        -|          -|            -|            -|    -|
    |  o layer_1_prod            |       -|  -7.30|      121|  1.210e+03|        23|        1|   100|       yes|        -|          -|            -|            -|    -|
    |  o layer_1_prod            |       -|  -7.30|      121|  1.210e+03|        23|        1|   100|       yes|        -|          -|            -|            -|    -|
    |  o layer_1_prod            |       -|  -7.30|      121|  1.210e+03|        23|        1|   100|       yes|        -|          -|            -|            -|    -|
    |  o layer_1_prod            |       -|  -7.30|      121|  1.210e+03|        23|        1|   100|       yes|        -|          -|            -|            -|    -|
    |  o layer_1_prod            |       -|  -7.30|      121|  1.210e+03|        23|        1|   100|       yes|        -|          -|            -|            -|    -|
    |  o layer_1_prod            |       -|  -7.30|      121|  1.210e+03|        23|        1|   100|       yes|        -|          -|            -|            -|    -|
    |  o layer_1_prod            |       -|  -7.30|      121|  1.210e+03|        23|        1|   100|       yes|        -|          -|            -|            -|    -|
    |  o layer_1_prod            |       -|  -7.30|      121|  1.210e+03|        23|        1|   100|       yes|        -|          -|            -|            -|    -|
    |  o layer_1_prod            |       -|  -7.30|      121|  1.210e+03|        23|        1|   100|       yes|        -|          -|            -|            -|    -|
    |  o layer_1_prod            |       -|  -7.30|      121|  1.210e+03|        23|        1|   100|       yes|        -|          -|            -|            -|    -|
    |  o layer_1_prod            |       -|  -7.30|      121|  1.210e+03|        23|        1|   100|       yes|        -|          -|            -|            -|    -|
    |  o layer_1_prod            |       -|  -7.30|      121|  1.210e+03|        23|        1|   100|       yes|        -|          -|            -|            -|    -|
    |  o layer_1_prod            |       -|  -7.30|      121|  1.210e+03|        23|        1|   100|       yes|        -|          -|            -|            -|    -|
    |  o layer_1_prod            |       -|  -7.30|      121|  1.210e+03|        23|        1|   100|       yes|        -|          -|            -|            -|    -|
    |  o layer_1_prod            |       -|  -7.30|      121|  1.210e+03|        23|        1|   100|       yes|        -|          -|            -|            -|    -|
    |  o layer_1_prod            |       -|  -7.30|      121|  1.210e+03|        23|        1|   100|       yes|        -|          -|            -|            -|    -|
    |  o layer_1_prod            |       -|  -7.30|      121|  1.210e+03|        23|        1|   100|       yes|        -|          -|            -|            -|    -|
    |  o layer_1_prod            |       -|  -7.30|      121|  1.210e+03|        23|        1|   100|       yes|        -|          -|            -|            -|    -|
    |  o layer_1_prod            |       -|  -7.30|      121|  1.210e+03|        23|        1|   100|       yes|        -|          -|            -|            -|    -|
    |  o layer_1_prod            |       -|  -7.30|      121|  1.210e+03|        23|        1|   100|       yes|        -|          -|            -|            -|    -|
    |  o layer_1_prod            |       -|  -7.30|      121|  1.210e+03|        23|        1|   100|       yes|        -|          -|            -|            -|    -|
    | o Loop 1                   |       -|  -7.30|       32|    320.000|         1|        1|    32|       yes|        -|          -|            -|            -|    -|
    | o Loop 2                   |       -|  -7.30|       16|    160.000|         1|        1|    16|       yes|        -|          -|            -|            -|    -|
    | o Loop 3                   |       -|  -7.30|       10|    100.000|         1|        1|    10|       yes|        -|          -|            -|            -|    -|
    | o layer_1_act              |       -|  -7.30|       33|    330.000|         3|        1|    32|       yes|        -|          -|            -|            -|    -|
    | o layer_2_col              |       -|  -7.30|      179|  1.790e+03|       165|        1|    16|       yes|        -|          -|            -|            -|    -|
    | o layer_2_act              |       -|  -7.30|       17|    170.000|         3|        1|    16|       yes|        -|          -|            -|            -|    -|
    | o layer_3_col              |       -|  -7.30|       93|    930.000|        85|        1|    10|       yes|        -|          -|            -|            -|    -|
    | o layer_3_act              |       -|  -7.30|       21|    210.000|         3|        2|    10|       yes|        -|          -|            -|            -|    -|
    +----------------------------+--------+-------+---------+-----------+----------+---------+------+----------+---------+-----------+-------------+-------------+-----+

