

================================================================
== Synthesis Summary Report of 'image_processing'
================================================================
+ General Information: 
    * Date:           Tue Nov  5 15:50:00 2024
    * Version:        2020.2 (Build 3064766 on Wed Nov 18 09:12:47 MST 2020)
    * Project:        Assigment2
    * Solution:       solution1 (Vivado IP Flow Target)
    * Product family: zynquplus
    * Target device:  xczu3eg-sbva484-1-i
    

+ Performance & Resource Estimates: 
    
    PS: '+' for module; 'o' for loop; '*' for dataflow
    +--------------------+--------+-------+---------+-----------+----------+---------+------+----------+---------+----+-----------+-----------+-----+
    |       Modules      |  Issue |       | Latency |  Latency  | Iteration|         | Trip |          |         |    |           |           |     |
    |       & Loops      |  Type  | Slack | (cycles)|    (ns)   |  Latency | Interval| Count| Pipelined|  BRAM   | DSP|     FF    |    LUT    | URAM|
    +--------------------+--------+-------+---------+-----------+----------+---------+------+----------+---------+----+-----------+-----------+-----+
    |+ image_processing  |  Timing|   0.00|     3146|  3.146e+04|         -|     3147|     -|        no|  2 (~0%)|   -|  2689 (1%)|  3309 (4%)|    -|
    | o loop2            |      II|  -7.30|     3144|  3.144e+04|       155|       10|   300|       yes|        -|   -|          -|          -|    -|
    +--------------------+--------+-------+---------+-----------+----------+---------+------+----------+---------+----+-----------+-----------+-----+

