

================================================================
== Vitis HLS Report for 'image_processing'
================================================================
* Date:           Sun Oct 27 16:29:37 2024

* Version:        2020.2 (Build 3064766 on Wed Nov 18 09:12:47 MST 2020)
* Project:        EMB2_Image_processor
* Solution:       Image_Processor (Vivado IP Flow Target)
* Product family: zynquplus
* Target device:  xczu3eg-sbva484-1-e


================================================================
== Performance Estimates
================================================================
+ Timing: 
    * Summary: 
    +--------+----------+----------+------------+
    |  Clock |  Target  | Estimated| Uncertainty|
    +--------+----------+----------+------------+
    |ap_clk  |  10.00 ns|  7.300 ns|     2.70 ns|
    +--------+----------+----------+------------+

+ Latency: 
    * Summary: 
    +---------+---------+-----------+-----------+------+------+---------+
    |  Latency (cycles) |   Latency (absolute)  |   Interval  | Pipeline|
    |   min   |   max   |    min    |    max    |  min |  max |   Type  |
    +---------+---------+-----------+-----------+------+------+---------+
    |     3014|     3014|  30.140 us|  30.140 us|  3015|  3015|     none|
    +---------+---------+-----------+-----------+------+------+---------+

    + Detail: 
        * Instance: 
        N/A

        * Loop: 
        +-------------------+---------+---------+----------+-----------+-----------+------+----------+
        |                   |  Latency (cycles) | Iteration|  Initiation Interval  | Trip |          |
        |     Loop Name     |   min   |   max   |  Latency |  achieved |   target  | Count| Pipelined|
        +-------------------+---------+---------+----------+-----------+-----------+------+----------+
        |- VITIS_LOOP_12_1  |     3001|     3001|         3|          1|          1|  3000|       yes|
        +-------------------+---------+---------+----------+-----------+-----------+------+----------+



================================================================
== Utilization Estimates
================================================================
* Summary: 
+-----------------+---------+-----+--------+-------+-----+
|       Name      | BRAM_18K| DSP |   FF   |  LUT  | URAM|
+-----------------+---------+-----+--------+-------+-----+
|DSP              |        -|    -|       -|      -|    -|
|Expression       |        -|    -|       0|     45|    -|
|FIFO             |        -|    -|       -|      -|    -|
|Instance         |        2|    -|     688|    876|    -|
|Memory           |        -|    -|       -|      -|    -|
|Multiplexer      |        -|    -|       -|    137|    -|
|Register         |        -|    -|     191|      -|    -|
+-----------------+---------+-----+--------+-------+-----+
|Total            |        2|    0|     879|   1058|    0|
+-----------------+---------+-----+--------+-------+-----+
|Available        |      432|  360|  141120|  70560|    0|
+-----------------+---------+-----+--------+-------+-----+
|Utilization (%)  |       ~0|    0|      ~0|      1|    0|
+-----------------+---------+-----+--------+-------+-----+

+ Detail: 
    * Instance: 
    +------------------+----------------+---------+----+-----+-----+-----+
    |     Instance     |     Module     | BRAM_18K| DSP|  FF | LUT | URAM|
    +------------------+----------------+---------+----+-----+-----+-----+
    |AXI_DATA_m_axi_U  |AXI_DATA_m_axi  |        2|   0|  512|  580|    0|
    |control_s_axi_U   |control_s_axi   |        0|   0|  176|  296|    0|
    +------------------+----------------+---------+----+-----+-----+-----+
    |Total             |                |        2|   0|  688|  876|    0|
    +------------------+----------------+---------+----+-----+-----+-----+

    * DSP: 
    N/A

    * Memory: 
    N/A

    * FIFO: 
    N/A

    * Expression: 
    +-----------------------------------+----------+----+---+----+------------+------------+
    |           Variable Name           | Operation| DSP| FF| LUT| Bitwidth P0| Bitwidth P1|
    +-----------------------------------+----------+----+---+----+------------+------------+
    |add_ln12_fu_173_p2                 |         +|   0|  0|  19|          12|           1|
    |ap_block_pp0_stage0_01001          |       and|   0|  0|   2|           1|           1|
    |ap_block_state10_pp0_stage0_iter1  |       and|   0|  0|   2|           1|           1|
    |ap_block_state11_io                |       and|   0|  0|   2|           1|           1|
    |icmp_ln12_fu_179_p2                |      icmp|   0|  0|  12|          12|          12|
    |ap_block_pp0_stage0_11001          |        or|   0|  0|   2|           1|           1|
    |ap_block_state2_io                 |        or|   0|  0|   2|           1|           1|
    |ap_enable_pp0                      |       xor|   0|  0|   2|           1|           2|
    |ap_enable_reg_pp0_iter1            |       xor|   0|  0|   2|           2|           1|
    +-----------------------------------+----------+----+---+----+------------+------------+
    |Total                              |          |   0|  0|  45|          32|          21|
    +-----------------------------------+----------+----+---+----+------------+------------+

    * Multiplexer: 
    +-------------------------+----+-----------+-----+-----------+
    |           Name          | LUT| Input Size| Bits| Total Bits|
    +-------------------------+----+-----------+-----+-----------+
    |AXI_DATA_blk_n_AR        |   9|          2|    1|          2|
    |AXI_DATA_blk_n_AW        |   9|          2|    1|          2|
    |AXI_DATA_blk_n_B         |   9|          2|    1|          2|
    |AXI_DATA_blk_n_R         |   9|          2|    1|          2|
    |AXI_DATA_blk_n_W         |   9|          2|    1|          2|
    |ap_NS_fsm                |  65|         15|    1|         15|
    |ap_enable_reg_pp0_iter1  |   9|          2|    1|          2|
    |ap_enable_reg_pp0_iter2  |   9|          2|    1|          2|
    |i_reg_122                |   9|          2|   12|         24|
    +-------------------------+----+-----------+-----+-----------+
    |Total                    | 137|         31|   20|         53|
    +-------------------------+----+-----------+-----+-----------+

    * Register: 
    +---------------------------------+----+----+-----+-----------+
    |               Name              | FF | LUT| Bits| Const Bits|
    +---------------------------------+----+----+-----+-----------+
    |AXI_DATA_addr_1_reg_191          |  64|   0|   64|          0|
    |AXI_DATA_addr_read_reg_206       |  32|   0|   32|          0|
    |AXI_DATA_addr_reg_185            |  64|   0|   64|          0|
    |ap_CS_fsm                        |  14|   0|   14|          0|
    |ap_enable_reg_pp0_iter0          |   1|   0|    1|          0|
    |ap_enable_reg_pp0_iter1          |   1|   0|    1|          0|
    |ap_enable_reg_pp0_iter2          |   1|   0|    1|          0|
    |i_reg_122                        |  12|   0|   12|          0|
    |icmp_ln12_reg_202                |   1|   0|    1|          0|
    |icmp_ln12_reg_202_pp0_iter1_reg  |   1|   0|    1|          0|
    +---------------------------------+----+----+-----+-----------+
    |Total                            | 191|   0|  191|          0|
    +---------------------------------+----+----+-----+-----------+



================================================================
== Interface
================================================================
* Summary: 
+-------------------------+-----+-----+------------+------------------+--------------+
|        RTL Ports        | Dir | Bits|  Protocol  |   Source Object  |    C Type    |
+-------------------------+-----+-----+------------+------------------+--------------+
|s_axi_control_AWVALID    |   in|    1|       s_axi|           control|        scalar|
|s_axi_control_AWREADY    |  out|    1|       s_axi|           control|        scalar|
|s_axi_control_AWADDR     |   in|    6|       s_axi|           control|        scalar|
|s_axi_control_WVALID     |   in|    1|       s_axi|           control|        scalar|
|s_axi_control_WREADY     |  out|    1|       s_axi|           control|        scalar|
|s_axi_control_WDATA      |   in|   32|       s_axi|           control|        scalar|
|s_axi_control_WSTRB      |   in|    4|       s_axi|           control|        scalar|
|s_axi_control_ARVALID    |   in|    1|       s_axi|           control|        scalar|
|s_axi_control_ARREADY    |  out|    1|       s_axi|           control|        scalar|
|s_axi_control_ARADDR     |   in|    6|       s_axi|           control|        scalar|
|s_axi_control_RVALID     |  out|    1|       s_axi|           control|        scalar|
|s_axi_control_RREADY     |   in|    1|       s_axi|           control|        scalar|
|s_axi_control_RDATA      |  out|   32|       s_axi|           control|        scalar|
|s_axi_control_RRESP      |  out|    2|       s_axi|           control|        scalar|
|s_axi_control_BVALID     |  out|    1|       s_axi|           control|        scalar|
|s_axi_control_BREADY     |   in|    1|       s_axi|           control|        scalar|
|s_axi_control_BRESP      |  out|    2|       s_axi|           control|        scalar|
|ap_clk                   |   in|    1|  ap_ctrl_hs|  image_processing|  return value|
|ap_rst_n                 |   in|    1|  ap_ctrl_hs|  image_processing|  return value|
|interrupt                |  out|    1|  ap_ctrl_hs|  image_processing|  return value|
|m_axi_AXI_DATA_AWVALID   |  out|    1|       m_axi|          AXI_DATA|       pointer|
|m_axi_AXI_DATA_AWREADY   |   in|    1|       m_axi|          AXI_DATA|       pointer|
|m_axi_AXI_DATA_AWADDR    |  out|   64|       m_axi|          AXI_DATA|       pointer|
|m_axi_AXI_DATA_AWID      |  out|    1|       m_axi|          AXI_DATA|       pointer|
|m_axi_AXI_DATA_AWLEN     |  out|    8|       m_axi|          AXI_DATA|       pointer|
|m_axi_AXI_DATA_AWSIZE    |  out|    3|       m_axi|          AXI_DATA|       pointer|
|m_axi_AXI_DATA_AWBURST   |  out|    2|       m_axi|          AXI_DATA|       pointer|
|m_axi_AXI_DATA_AWLOCK    |  out|    2|       m_axi|          AXI_DATA|       pointer|
|m_axi_AXI_DATA_AWCACHE   |  out|    4|       m_axi|          AXI_DATA|       pointer|
|m_axi_AXI_DATA_AWPROT    |  out|    3|       m_axi|          AXI_DATA|       pointer|
|m_axi_AXI_DATA_AWQOS     |  out|    4|       m_axi|          AXI_DATA|       pointer|
|m_axi_AXI_DATA_AWREGION  |  out|    4|       m_axi|          AXI_DATA|       pointer|
|m_axi_AXI_DATA_AWUSER    |  out|    1|       m_axi|          AXI_DATA|       pointer|
|m_axi_AXI_DATA_WVALID    |  out|    1|       m_axi|          AXI_DATA|       pointer|
|m_axi_AXI_DATA_WREADY    |   in|    1|       m_axi|          AXI_DATA|       pointer|
|m_axi_AXI_DATA_WDATA     |  out|   32|       m_axi|          AXI_DATA|       pointer|
|m_axi_AXI_DATA_WSTRB     |  out|    4|       m_axi|          AXI_DATA|       pointer|
|m_axi_AXI_DATA_WLAST     |  out|    1|       m_axi|          AXI_DATA|       pointer|
|m_axi_AXI_DATA_WID       |  out|    1|       m_axi|          AXI_DATA|       pointer|
|m_axi_AXI_DATA_WUSER     |  out|    1|       m_axi|          AXI_DATA|       pointer|
|m_axi_AXI_DATA_ARVALID   |  out|    1|       m_axi|          AXI_DATA|       pointer|
|m_axi_AXI_DATA_ARREADY   |   in|    1|       m_axi|          AXI_DATA|       pointer|
|m_axi_AXI_DATA_ARADDR    |  out|   64|       m_axi|          AXI_DATA|       pointer|
|m_axi_AXI_DATA_ARID      |  out|    1|       m_axi|          AXI_DATA|       pointer|
|m_axi_AXI_DATA_ARLEN     |  out|    8|       m_axi|          AXI_DATA|       pointer|
|m_axi_AXI_DATA_ARSIZE    |  out|    3|       m_axi|          AXI_DATA|       pointer|
|m_axi_AXI_DATA_ARBURST   |  out|    2|       m_axi|          AXI_DATA|       pointer|
|m_axi_AXI_DATA_ARLOCK    |  out|    2|       m_axi|          AXI_DATA|       pointer|
|m_axi_AXI_DATA_ARCACHE   |  out|    4|       m_axi|          AXI_DATA|       pointer|
|m_axi_AXI_DATA_ARPROT    |  out|    3|       m_axi|          AXI_DATA|       pointer|
|m_axi_AXI_DATA_ARQOS     |  out|    4|       m_axi|          AXI_DATA|       pointer|
|m_axi_AXI_DATA_ARREGION  |  out|    4|       m_axi|          AXI_DATA|       pointer|
|m_axi_AXI_DATA_ARUSER    |  out|    1|       m_axi|          AXI_DATA|       pointer|
|m_axi_AXI_DATA_RVALID    |   in|    1|       m_axi|          AXI_DATA|       pointer|
|m_axi_AXI_DATA_RREADY    |  out|    1|       m_axi|          AXI_DATA|       pointer|
|m_axi_AXI_DATA_RDATA     |   in|   32|       m_axi|          AXI_DATA|       pointer|
|m_axi_AXI_DATA_RLAST     |   in|    1|       m_axi|          AXI_DATA|       pointer|
|m_axi_AXI_DATA_RID       |   in|    1|       m_axi|          AXI_DATA|       pointer|
|m_axi_AXI_DATA_RUSER     |   in|    1|       m_axi|          AXI_DATA|       pointer|
|m_axi_AXI_DATA_RRESP     |   in|    2|       m_axi|          AXI_DATA|       pointer|
|m_axi_AXI_DATA_BVALID    |   in|    1|       m_axi|          AXI_DATA|       pointer|
|m_axi_AXI_DATA_BREADY    |  out|    1|       m_axi|          AXI_DATA|       pointer|
|m_axi_AXI_DATA_BRESP     |   in|    2|       m_axi|          AXI_DATA|       pointer|
|m_axi_AXI_DATA_BID       |   in|    1|       m_axi|          AXI_DATA|       pointer|
|m_axi_AXI_DATA_BUSER     |   in|    1|       m_axi|          AXI_DATA|       pointer|
+-------------------------+-----+-----+------------+------------------+--------------+

